../Core/Src/main.c:108:1:__io_putchar	16	static
../Core/Src/main.c:118:6:HAL_UARTEx_RxEventCallback	24	static
../Core/Src/main.c:156:6:HAL_TIM_PeriodElapsedCallback	16	static
../Core/Src/main.c:199:6:programselected	16	static
../Core/Src/main.c:316:6:standarprgslctd	4	static
../Core/Src/main.c:382:6:selectmotorduty	8	static
../Core/Src/main.c:415:6:selecttempduty	4	static
../Core/Src/main.c:447:6:standart	8	static
../Core/Src/main.c:548:5:main	8	static
../Core/Src/main.c:703:6:SystemClock_Config	72	static
../Core/Src/main.c:742:13:MX_TIM1_Init	96	static
../Core/Src/main.c:829:13:MX_TIM2_Init	48	static
../Core/Src/main.c:890:13:MX_TIM3_Init	48	static
../Core/Src/main.c:951:13:MX_TIM4_Init	48	static
../Core/Src/main.c:1012:13:MX_TIM6_Init	16	static
../Core/Src/main.c:1050:13:MX_TIM15_Init	32	static
../Core/Src/main.c:1103:13:MX_TIM16_Init	72	static
../Core/Src/main.c:1165:13:MX_TIM17_Init	72	static
../Core/Src/main.c:1227:13:MX_USART2_UART_Init	8	static
../Core/Src/main.c:1258:13:MX_DMA_Init	16	static
../Core/Src/main.c:1279:13:MX_GPIO_Init	40	static
../Core/Src/main.c:1313:6:Error_Handler	4	static,ignoring_inline_asm
